--------------------
|user_id|sex|occupation
--------------------
|1      |M  |technician
--------------------
