-----------------
|user_id|occupation
-----------------
|15     |educator  
|350    |student   
|890    |student   
-----------------
