--------------------
|user_id|occupation   
--------------------
|24     |artist       
|422    |entertainment
--------------------
