-----------------
|user_id|occupation
-----------------
|414    |programmer
|695    |writer    
-----------------
