------------------
|occupation   |zone 
------------------
|student      |55436
|other        |48118
|none         |94619
|student      |77459
|none         |94306
|student      |83702
|executive    |98101
|administrator|91344
|administrator|05201
|student      |01002
|lawyer       |90703
|educator     |29206
|scientist    |55106
|programmer   |06355
|librarian    |02138
|writer       |30068
|writer       |40206
|engineer     |55107
|engineer     |21044
|writer       |55369
|programmer   |94043
|entertainment|01040
|scientist    |27514
|engineer     |80525
|administrator|17870
|technician   |46260
|programmer   |50233
|marketing    |07102
|administrator|12550
|educator     |16509
|programmer   |55414
|programmer   |01331
|librarian    |46260
|programmer   |52246
|educator     |08403
|healthcare   |06472
|engineer     |30040
|marketing    |75240
|educator     |43202
|engineer     |60067
|scientist    |98034
|scientist    |T8H1N
|technician   |29379
|administrator|61801
|programmer   |22902
|other        |44133
|executive    |55369
|educator     |20003
|administrator|46005
|administrator|89503
|educator     |78155
|marketing    |01913
|entertainment|80525
|executive    |23112
|student      |71457
|administrator|10707
|artist       |98006
|executive    |90254
|programmer   |30220
|student      |55108
|student      |55108
|retired      |55125
|scientist    |60466
|educator     |63130
|other        |55423
|engineer     |90630
|salesman     |60613
|executive    |95032
|programmer   |75013
|engineer     |17110
|healthcare   |97232
|programmer   |67401
|librarian    |99603
|student      |60615
|lawyer       |22202
|none         |73439
|engineer     |78602
|programmer   |80236
|other        |97365
|educator     |84408
|doctor       |53211
|programmer   |36117
|technician   |08832
|programmer   |20910
|entertainment|V3N4P
|artist       |83814
|engineer     |97006
|student      |60641
|student      |53703
|educator     |08360
|engineer     |70808
|educator     |27606
|programmer   |66215
|lawyer       |55104
|artist       |15610
|administrator|97212
|healthcare   |80123
|educator     |55113
|other        |L9G2B
|other        |80127
|marketing    |22207
|other        |22306
|scientist    |07030
|other        |49512
|executive    |21218
|programmer   |33884
|scientist    |27708
|librarian    |76013
|educator     |16801
|student      |29440
|artist       |95014
|administrator|95938
|administrator|95161
|educator     |90840
|student      |49931
|administrator|02154
|scientist    |93555
|writer       |55105
|technician   |75094
|writer       |17604
|programmer   |93402
|writer       |E2A4H
|lawyer       |06371
|marketing    |92037
|engineer     |01720
|engineer     |03060
|salesman     |32605
|executive    |55345
|programmer   |63033
|administrator|06513
|programmer   |43212
|librarian    |78205
|programmer   |27502
|student      |92103
|executive    |60659
|librarian    |01080
|scientist    |99709
|engineer     |98682
|retired      |94702
|educator     |22973
|administrator|63146
|artist       |95628
|educator     |31404
|educator     |60201
|technician   |80525
|engineer     |20770
|student      |37235
|student      |84103
|executive    |95110
|doctor       |85032
|engineer     |07733
|educator     |42647
|administrator|85202
|programmer   |55346
|executive    |84601
|engineer     |22932
|scientist    |53706
|engineer     |92064
|programmer   |85251
|programmer   |55305
|executive    |92629
|programmer   |53713
|student      |15217
|marketing    |23226
|engineer     |93550
|technician   |92110
|educator     |50325
|executive    |01581
|doctor       |63108
|educator     |77904
|other        |73132
|student      |55454
|retired      |95076
|scientist    |70802
|educator     |91711
|technician   |73071
|other        |02110
|marketing    |60035
|educator     |18301
|retired      |06518
|programmer   |22030
|technician   |02139
|administrator|15235
|administrator|06779
|educator     |01720
|entertainment|91344
|other        |V0R2M
|librarian    |30002
|executive    |33775
|scientist    |10522
|lawyer       |37901
|engineer     |80123
|engineer     |30093
|other        |76059
|retired      |61455
|student      |97301
|educator     |49938
|scientist    |28480
|student      |60135
|executive    |98133
|educator     |10022
|other        |98027
|engineer     |01810
|lawyer       |20009
|writer       |08534
|engineer     |99206
|executive    |78746
|student      |02859
|programmer   |98117
|engineer     |55117
|artist       |94608
|engineer     |01824
|administrator|75204
|programmer   |45218
|writer       |10003
|salesman     |43221
|entertainment|37412
|other        |36106
|writer       |59801
|administrator|96819
|other        |44092
|engineer     |94551
|other        |60008
|other        |92374
|engineer     |95129
|other        |06811
|educator     |93109
|engineer     |03261
|administrator|98225
|educator     |44691
|educator     |15222
|educator     |78212
|educator     |85711
|lawyer       |43215
|educator     |02140
|entertainment|94533
|other        |91606
|educator     |01602
|doctor       |85258
|student      |55414
|student      |29205
|scientist    |98199
|artist       |11211
|other        |48076
|technician   |55013
|salesman     |33308
|educator     |60201
|administrator|55113
|administrator|28018
|other        |97330
|administrator|83709
|technician   |Y1A6B
|writer       |94583
|other        |05001
|engineer     |91201
|engineer     |02341
|educator     |78628
|student      |94708
|executive    |93711
|programmer   |75230
|student      |60440
|other        |10019
|educator     |55409
|retired      |98257
|retired      |37771
|scientist    |43212
|student      |21208
|educator     |93101
|technician   |21012
|other        |45218
|educator     |94618
|engineer     |03052
|writer       |55408
|programmer   |75006
|administrator|94305
|programmer   |03869
|marketing    |19382
|other        |98038
|other        |20090
|administrator|26241
|programmer   |20707
|marketing    |49508
|healthcare   |12603
|engineer     |55443
|educator     |02159
|marketing    |97124
|librarian    |12180
|engineer     |94040
|librarian    |02324
|engineer     |30078
|engineer     |22902
|scientist    |21010
|engineer     |91201
|scientist    |95123
|technician   |08052
|executive    |22911
|educator     |14534
|writer       |95468
|scientist    |45680
|programmer   |55414
|other        |68147
|educator     |62901
|scientist    |62901
|executive    |10022
|student      |10003
|retired      |94591
|student      |55422
|educator     |01915
|educator     |91903
|educator     |14627
|artist       |01945
|educator     |20003
|retired      |48911
|educator     |53188
|marketing    |46032
|executive    |98281
|administrator|M7A1A
|educator     |48103
|other        |94131
|engineer     |29631
|student      |27511
|librarian    |98501
|other        |14216
|educator     |82435
|educator     |M4J2K
|programmer   |31909
|programmer   |02320
|educator     |11787
|engineer     |33716
|programmer   |63044
|librarian    |77008
|educator     |79070
|educator     |80227
|educator     |27705
|scientist    |50613
|programmer   |14850
|programmer   |20723
|programmer   |55414
|engineer     |T8H1N
|educator     |48043
|other        |74101
|engineer     |01940
|scientist    |55122
|retired      |63645
|programmer   |53211
|educator     |45810
|engineer     |91351
|engineer     |83814
|retired      |02903
|other        |22911
|executive    |55105
|educator     |10314
|programmer   |92626
|educator     |54248
|student      |77380
|programmer   |98121
|librarian    |19102
|other        |19341
|engineer     |94115
|administrator|55412
|administrator|61820
|librarian    |01970
|other        |20009
|technician   |21114
|educator     |22906
|other        |28814
|programmer   |32712
|educator     |61462
|lawyer       |90405
|librarian    |23509
|student      |55414
|educator     |26506
|other        |45439
|salesman     |63304
|educator     |60089
|engineer     |18053
|programmer   |06365
|writer       |38115
|other        |94920
|other        |77042
|other        |96754
|other        |89104
|educator     |49512
|engineer     |55343
|technician   |64118
|executive    |94403
|executive    |40243
|student      |78741
|executive    |94306
|programmer   |98072
|technician   |95403
|technician   |73162
|writer       |63108
|student      |29210
|programmer   |92660
|marketing    |47024
|writer       |55113
|engineer     |19047
|administrator|94720
|other        |80919
|administrator|32303
|retired      |21201
|salesman     |91206
|student      |55104
|student      |53706
|administrator|95050
|scientist    |02113
|student      |33066
|other        |10960
|engineer     |00000
|administrator|12866
|executive    |06927
|student      |14216
|student      |15232
|writer       |27105
|student      |80027
|executive    |90036
|librarian    |51157
|programmer   |01810
|student      |01960
|student      |K7L5J
|programmer   |94560
|marketing    |77081
|administrator|91040
|engineer     |23322
|administrator|05779
|other        |55420
|technician   |80913
|educator     |20064
|programmer   |12205
|educator     |57197
|programmer   |08610
|programmer   |55337
|administrator|34105
|administrator|78212
|educator     |61820
|marketing    |11217
|salesman     |90016
|other        |12345
|other        |28806
|other        |20755
|librarian    |27514
|administrator|40205
|engineer     |77845
|artist       |50322
|other        |15017
|engineer     |05452
|artist       |77048
|librarian    |85282
|writer       |80209
|programmer   |53066
|writer       |90019
|other        |64153
|artist       |10018
|artist       |55406
|doctor       |47401
|writer       |93055
|librarian    |44212
|doctor       |97405
|lawyer       |47130
|student      |55417
|engineer     |02146
|technician   |78390
|administrator|94086
|writer       |40515
|librarian    |04988
|educator     |09645
|executive    |13820
|programmer   |63021
|artist       |11231
|other        |60302
|student      |10025
|executive    |44648
|scientist    |37076
|other        |20902
|other        |77504
|marketing    |43017
|engineer     |40503
|librarian    |50266
|engineer     |55337
|scientist    |17036
|student      |97301
|other        |45243
|student      |95823
|educator     |74075
|writer       |91505
|other        |33484
|other        |55116
|retired      |18505
|executive    |L1V3W
|educator     |20850
|other        |30350
|librarian    |70124
|healthcare   |29301
|other        |06512
|student      |76201
|entertainment|60614
|engineer     |N2L5N
|scientist    |70116
|other        |14216
|other        |11753
|entertainment|01701
|scientist    |53711
|educator     |33556
|educator     |06437
|student      |48105
|engineer     |22902
|doctor       |66221
|educator     |98072
|administrator|02215
------------------
