main: Query.hs:(154,1)-(158,101): Non-exhaustive patterns in function eval

